// Jest Snapshot v1, https://goo.gl/fbAQLP

exports[`Group data sources gets a map of group type IDs 1`] = `
Array [
  23,
  25,
  10,
  60,
  141,
  149,
  156,
  157,
]
`;
