// Jest Snapshot v1, https://goo.gl/fbAQLP

exports[`the ContentItem data source gets scripture references 1`] = `
Array [
  Array [
    "john 1:1, 10:10",
  ],
]
`;
