// Jest Snapshot v1, https://goo.gl/fbAQLP

exports[`the matrix item data source returns an empty list for a blank guid 1`] = `Array []`;
